/home/mayyad/ros2_ws/install/prius_controller/lib/python3.12/site-packages/prius_controller/record_path.py
/home/mayyad/ros2_ws/install/prius_controller/lib/python3.12/site-packages/prius_controller/setup.py
/home/mayyad/ros2_ws/install/prius_controller/lib/python3.12/site-packages/prius_controller/follow_path.py
/home/mayyad/ros2_ws/install/prius_controller/lib/python3.12/site-packages/prius_controller/controller.py
/home/mayyad/ros2_ws/install/prius_controller/lib/python3.12/site-packages/prius_controller/waypoint_controller.py
/home/mayyad/ros2_ws/install/prius_controller/lib/python3.12/site-packages/prius_controller/__init__.py
/home/mayyad/ros2_ws/install/prius_controller/lib/python3.12/site-packages/prius_controller/__pycache__/record_path.cpython-312.pyc
/home/mayyad/ros2_ws/install/prius_controller/lib/python3.12/site-packages/prius_controller/__pycache__/setup.cpython-312.pyc
/home/mayyad/ros2_ws/install/prius_controller/lib/python3.12/site-packages/prius_controller/__pycache__/follow_path.cpython-312.pyc
/home/mayyad/ros2_ws/install/prius_controller/lib/python3.12/site-packages/prius_controller/__pycache__/controller.cpython-312.pyc
/home/mayyad/ros2_ws/install/prius_controller/lib/python3.12/site-packages/prius_controller/__pycache__/waypoint_controller.cpython-312.pyc
/home/mayyad/ros2_ws/install/prius_controller/lib/python3.12/site-packages/prius_controller/__pycache__/__init__.cpython-312.pyc
/home/mayyad/ros2_ws/install/prius_controller/share/ament_index/resource_index/packages/prius_controller
/home/mayyad/ros2_ws/install/prius_controller/share/prius_controller/package.xml
/home/mayyad/ros2_ws/install/prius_controller/lib/python3.12/site-packages/prius_controller-0.0.0-py3.12.egg-info/requires.txt
/home/mayyad/ros2_ws/install/prius_controller/lib/python3.12/site-packages/prius_controller-0.0.0-py3.12.egg-info/zip-safe
/home/mayyad/ros2_ws/install/prius_controller/lib/python3.12/site-packages/prius_controller-0.0.0-py3.12.egg-info/PKG-INFO
/home/mayyad/ros2_ws/install/prius_controller/lib/python3.12/site-packages/prius_controller-0.0.0-py3.12.egg-info/entry_points.txt
/home/mayyad/ros2_ws/install/prius_controller/lib/python3.12/site-packages/prius_controller-0.0.0-py3.12.egg-info/dependency_links.txt
/home/mayyad/ros2_ws/install/prius_controller/lib/python3.12/site-packages/prius_controller-0.0.0-py3.12.egg-info/SOURCES.txt
/home/mayyad/ros2_ws/install/prius_controller/lib/python3.12/site-packages/prius_controller-0.0.0-py3.12.egg-info/top_level.txt
/home/mayyad/ros2_ws/install/prius_controller/lib/prius_controller/controller
/home/mayyad/ros2_ws/install/prius_controller/lib/prius_controller/follow_path
/home/mayyad/ros2_ws/install/prius_controller/lib/prius_controller/record_path
/home/mayyad/ros2_ws/install/prius_controller/lib/prius_controller/waypoint_controller
