[0.843s] Invoking command in '/home/mayyad/ros2_ws/src/prius_controller': PYTHONPATH=/home/mayyad/ros2_ws/build/prius_controller/prefix_override:/usr/lib/python3/dist-packages/colcon_core/task/python/colcon_distutils_commands:/home/mayyad/ros2_ws/install/prius_controller/lib/python3.12/site-packages:${PYTHONPATH} /usr/bin/python3 -W ignore:setup.py install is deprecated -W ignore:easy_install command is deprecated setup.py egg_info --egg-base ../../build/prius_controller build --build-base /home/mayyad/ros2_ws/build/prius_controller/build install --record /home/mayyad/ros2_ws/build/prius_controller/install.log --single-version-externally-managed install_data
[1.011s] running egg_info
[1.022s] writing ../../build/prius_controller/prius_controller.egg-info/PKG-INFO
[1.023s] writing dependency_links to ../../build/prius_controller/prius_controller.egg-info/dependency_links.txt
[1.023s] writing entry points to ../../build/prius_controller/prius_controller.egg-info/entry_points.txt
[1.023s] writing requirements to ../../build/prius_controller/prius_controller.egg-info/requires.txt
[1.024s] writing top-level names to ../../build/prius_controller/prius_controller.egg-info/top_level.txt
[1.047s] reading manifest file '../../build/prius_controller/prius_controller.egg-info/SOURCES.txt'
[1.047s] writing manifest file '../../build/prius_controller/prius_controller.egg-info/SOURCES.txt'
[1.048s] running build
[1.048s] running build_py
[1.048s] copying prius_controller/follow_path.py -> /home/mayyad/ros2_ws/build/prius_controller/build/lib/prius_controller
[1.049s] running install
[1.052s] running install_lib
[1.064s] copying /home/mayyad/ros2_ws/build/prius_controller/build/lib/prius_controller/follow_path.py -> /home/mayyad/ros2_ws/install/prius_controller/lib/python3.12/site-packages/prius_controller
[1.064s] byte-compiling /home/mayyad/ros2_ws/install/prius_controller/lib/python3.12/site-packages/prius_controller/follow_path.py to follow_path.cpython-312.pyc
[1.065s] running install_data
[1.066s] running install_egg_info
[1.078s] removing '/home/mayyad/ros2_ws/install/prius_controller/lib/python3.12/site-packages/prius_controller-0.0.0-py3.12.egg-info' (and everything under it)
[1.078s] Copying ../../build/prius_controller/prius_controller.egg-info to /home/mayyad/ros2_ws/install/prius_controller/lib/python3.12/site-packages/prius_controller-0.0.0-py3.12.egg-info
[1.079s] running install_scripts
[1.157s] Installing controller script to /home/mayyad/ros2_ws/install/prius_controller/lib/prius_controller
[1.158s] Installing follow_path script to /home/mayyad/ros2_ws/install/prius_controller/lib/prius_controller
[1.158s] Installing record_path script to /home/mayyad/ros2_ws/install/prius_controller/lib/prius_controller
[1.158s] Installing waypoint_controller script to /home/mayyad/ros2_ws/install/prius_controller/lib/prius_controller
[1.158s] writing list of installed files to '/home/mayyad/ros2_ws/build/prius_controller/install.log'
[1.184s] Invoked command in '/home/mayyad/ros2_ws/src/prius_controller' returned '0': PYTHONPATH=/home/mayyad/ros2_ws/build/prius_controller/prefix_override:/usr/lib/python3/dist-packages/colcon_core/task/python/colcon_distutils_commands:/home/mayyad/ros2_ws/install/prius_controller/lib/python3.12/site-packages:${PYTHONPATH} /usr/bin/python3 -W ignore:setup.py install is deprecated -W ignore:easy_install command is deprecated setup.py egg_info --egg-base ../../build/prius_controller build --build-base /home/mayyad/ros2_ws/build/prius_controller/build install --record /home/mayyad/ros2_ws/build/prius_controller/install.log --single-version-externally-managed install_data
