[0.486s] Invoking command in '/home/mayyad/ros2_ws/src/prius_controller': PYTHONPATH=/home/mayyad/ros2_ws/build/prius_controller/prefix_override:/usr/lib/python3/dist-packages/colcon_core/task/python/colcon_distutils_commands:/home/mayyad/ros2_ws/install/prius_controller/lib/python3.12/site-packages:${PYTHONPATH} /usr/bin/python3 -W ignore:setup.py install is deprecated -W ignore:easy_install command is deprecated setup.py egg_info --egg-base ../../build/prius_controller build --build-base /home/mayyad/ros2_ws/build/prius_controller/build install --record /home/mayyad/ros2_ws/build/prius_controller/install.log --single-version-externally-managed install_data
[0.629s] running egg_info
[0.637s] writing ../../build/prius_controller/prius_controller.egg-info/PKG-INFO
[0.637s] writing dependency_links to ../../build/prius_controller/prius_controller.egg-info/dependency_links.txt
[0.637s] writing entry points to ../../build/prius_controller/prius_controller.egg-info/entry_points.txt
[0.637s] writing requirements to ../../build/prius_controller/prius_controller.egg-info/requires.txt
[0.637s] writing top-level names to ../../build/prius_controller/prius_controller.egg-info/top_level.txt
[0.661s] reading manifest file '../../build/prius_controller/prius_controller.egg-info/SOURCES.txt'
[0.662s] writing manifest file '../../build/prius_controller/prius_controller.egg-info/SOURCES.txt'
[0.662s] running build
[0.662s] running build_py
[0.662s] copying prius_controller/follow_path.py -> /home/mayyad/ros2_ws/build/prius_controller/build/lib/prius_controller
[0.662s] running install
[0.665s] running install_lib
[0.673s] copying /home/mayyad/ros2_ws/build/prius_controller/build/lib/prius_controller/follow_path.py -> /home/mayyad/ros2_ws/install/prius_controller/lib/python3.12/site-packages/prius_controller
[0.674s] byte-compiling /home/mayyad/ros2_ws/install/prius_controller/lib/python3.12/site-packages/prius_controller/follow_path.py to follow_path.cpython-312.pyc
[0.675s] running install_data
[0.675s] running install_egg_info
[0.685s] removing '/home/mayyad/ros2_ws/install/prius_controller/lib/python3.12/site-packages/prius_controller-0.0.0-py3.12.egg-info' (and everything under it)
[0.686s] Copying ../../build/prius_controller/prius_controller.egg-info to /home/mayyad/ros2_ws/install/prius_controller/lib/python3.12/site-packages/prius_controller-0.0.0-py3.12.egg-info
[0.687s] running install_scripts
[0.755s] Installing controller script to /home/mayyad/ros2_ws/install/prius_controller/lib/prius_controller
[0.756s] Installing follow_path script to /home/mayyad/ros2_ws/install/prius_controller/lib/prius_controller
[0.756s] Installing record_path script to /home/mayyad/ros2_ws/install/prius_controller/lib/prius_controller
[0.756s] Installing waypoint_controller script to /home/mayyad/ros2_ws/install/prius_controller/lib/prius_controller
[0.757s] writing list of installed files to '/home/mayyad/ros2_ws/build/prius_controller/install.log'
[0.775s] Invoked command in '/home/mayyad/ros2_ws/src/prius_controller' returned '0': PYTHONPATH=/home/mayyad/ros2_ws/build/prius_controller/prefix_override:/usr/lib/python3/dist-packages/colcon_core/task/python/colcon_distutils_commands:/home/mayyad/ros2_ws/install/prius_controller/lib/python3.12/site-packages:${PYTHONPATH} /usr/bin/python3 -W ignore:setup.py install is deprecated -W ignore:easy_install command is deprecated setup.py egg_info --egg-base ../../build/prius_controller build --build-base /home/mayyad/ros2_ws/build/prius_controller/build install --record /home/mayyad/ros2_ws/build/prius_controller/install.log --single-version-externally-managed install_data
