running egg_info
creating ../../build/prius_controller/prius_controller.egg-info
writing ../../build/prius_controller/prius_controller.egg-info/PKG-INFO
writing dependency_links to ../../build/prius_controller/prius_controller.egg-info/dependency_links.txt
writing requirements to ../../build/prius_controller/prius_controller.egg-info/requires.txt
writing top-level names to ../../build/prius_controller/prius_controller.egg-info/top_level.txt
writing manifest file '../../build/prius_controller/prius_controller.egg-info/SOURCES.txt'
reading manifest file '../../build/prius_controller/prius_controller.egg-info/SOURCES.txt'
writing manifest file '../../build/prius_controller/prius_controller.egg-info/SOURCES.txt'
running build
running build_py
creating /home/mayyad/ros2_ws/build/prius_controller/build
creating /home/mayyad/ros2_ws/build/prius_controller/build/lib
creating /home/mayyad/ros2_ws/build/prius_controller/build/lib/prius_controller
copying prius_controller/setup.py -> /home/mayyad/ros2_ws/build/prius_controller/build/lib/prius_controller
copying prius_controller/controller.py -> /home/mayyad/ros2_ws/build/prius_controller/build/lib/prius_controller
copying prius_controller/waypoint_controller.py -> /home/mayyad/ros2_ws/build/prius_controller/build/lib/prius_controller
copying prius_controller/__init__.py -> /home/mayyad/ros2_ws/build/prius_controller/build/lib/prius_controller
running install
running install_lib
creating /home/mayyad/ros2_ws/install/prius_controller/lib/python3.12/site-packages/prius_controller
copying /home/mayyad/ros2_ws/build/prius_controller/build/lib/prius_controller/setup.py -> /home/mayyad/ros2_ws/install/prius_controller/lib/python3.12/site-packages/prius_controller
copying /home/mayyad/ros2_ws/build/prius_controller/build/lib/prius_controller/controller.py -> /home/mayyad/ros2_ws/install/prius_controller/lib/python3.12/site-packages/prius_controller
copying /home/mayyad/ros2_ws/build/prius_controller/build/lib/prius_controller/waypoint_controller.py -> /home/mayyad/ros2_ws/install/prius_controller/lib/python3.12/site-packages/prius_controller
copying /home/mayyad/ros2_ws/build/prius_controller/build/lib/prius_controller/__init__.py -> /home/mayyad/ros2_ws/install/prius_controller/lib/python3.12/site-packages/prius_controller
byte-compiling /home/mayyad/ros2_ws/install/prius_controller/lib/python3.12/site-packages/prius_controller/setup.py to setup.cpython-312.pyc
byte-compiling /home/mayyad/ros2_ws/install/prius_controller/lib/python3.12/site-packages/prius_controller/controller.py to controller.cpython-312.pyc
byte-compiling /home/mayyad/ros2_ws/install/prius_controller/lib/python3.12/site-packages/prius_controller/waypoint_controller.py to waypoint_controller.cpython-312.pyc
byte-compiling /home/mayyad/ros2_ws/install/prius_controller/lib/python3.12/site-packages/prius_controller/__init__.py to __init__.cpython-312.pyc
running install_data
creating /home/mayyad/ros2_ws/install/prius_controller/share/ament_index
creating /home/mayyad/ros2_ws/install/prius_controller/share/ament_index/resource_index
creating /home/mayyad/ros2_ws/install/prius_controller/share/ament_index/resource_index/packages
copying resource/prius_controller -> /home/mayyad/ros2_ws/install/prius_controller/share/ament_index/resource_index/packages
copying package.xml -> /home/mayyad/ros2_ws/install/prius_controller/share/prius_controller
running install_egg_info
Copying ../../build/prius_controller/prius_controller.egg-info to /home/mayyad/ros2_ws/install/prius_controller/lib/python3.12/site-packages/prius_controller-0.0.0-py3.12.egg-info
running install_scripts
writing list of installed files to '/home/mayyad/ros2_ws/build/prius_controller/install.log'
