[0.458s] Invoking command in '/home/mayyad/ros2_ws/src/prius_controller': PYTHONPATH=/home/mayyad/ros2_ws/build/prius_controller/prefix_override:/usr/lib/python3/dist-packages/colcon_core/task/python/colcon_distutils_commands:/home/mayyad/ros2_ws/install/prius_controller/lib/python3.12/site-packages:${PYTHONPATH} /usr/bin/python3 -W ignore:setup.py install is deprecated -W ignore:easy_install command is deprecated setup.py egg_info --egg-base ../../build/prius_controller build --build-base /home/mayyad/ros2_ws/build/prius_controller/build install --record /home/mayyad/ros2_ws/build/prius_controller/install.log --single-version-externally-managed install_data
[0.577s] running egg_info
[0.577s] creating ../../build/prius_controller/prius_controller.egg-info
[0.584s] writing ../../build/prius_controller/prius_controller.egg-info/PKG-INFO
[0.584s] writing dependency_links to ../../build/prius_controller/prius_controller.egg-info/dependency_links.txt
[0.584s] writing requirements to ../../build/prius_controller/prius_controller.egg-info/requires.txt
[0.584s] writing top-level names to ../../build/prius_controller/prius_controller.egg-info/top_level.txt
[0.584s] writing manifest file '../../build/prius_controller/prius_controller.egg-info/SOURCES.txt'
[0.600s] reading manifest file '../../build/prius_controller/prius_controller.egg-info/SOURCES.txt'
[0.601s] writing manifest file '../../build/prius_controller/prius_controller.egg-info/SOURCES.txt'
[0.601s] running build
[0.601s] running build_py
[0.602s] creating /home/mayyad/ros2_ws/build/prius_controller/build
[0.602s] creating /home/mayyad/ros2_ws/build/prius_controller/build/lib
[0.602s] creating /home/mayyad/ros2_ws/build/prius_controller/build/lib/prius_controller
[0.602s] copying prius_controller/setup.py -> /home/mayyad/ros2_ws/build/prius_controller/build/lib/prius_controller
[0.602s] copying prius_controller/controller.py -> /home/mayyad/ros2_ws/build/prius_controller/build/lib/prius_controller
[0.602s] copying prius_controller/waypoint_controller.py -> /home/mayyad/ros2_ws/build/prius_controller/build/lib/prius_controller
[0.603s] copying prius_controller/__init__.py -> /home/mayyad/ros2_ws/build/prius_controller/build/lib/prius_controller
[0.603s] running install
[0.606s] running install_lib
[0.613s] creating /home/mayyad/ros2_ws/install/prius_controller/lib/python3.12/site-packages/prius_controller
[0.613s] copying /home/mayyad/ros2_ws/build/prius_controller/build/lib/prius_controller/setup.py -> /home/mayyad/ros2_ws/install/prius_controller/lib/python3.12/site-packages/prius_controller
[0.614s] copying /home/mayyad/ros2_ws/build/prius_controller/build/lib/prius_controller/controller.py -> /home/mayyad/ros2_ws/install/prius_controller/lib/python3.12/site-packages/prius_controller
[0.614s] copying /home/mayyad/ros2_ws/build/prius_controller/build/lib/prius_controller/waypoint_controller.py -> /home/mayyad/ros2_ws/install/prius_controller/lib/python3.12/site-packages/prius_controller
[0.614s] copying /home/mayyad/ros2_ws/build/prius_controller/build/lib/prius_controller/__init__.py -> /home/mayyad/ros2_ws/install/prius_controller/lib/python3.12/site-packages/prius_controller
[0.614s] byte-compiling /home/mayyad/ros2_ws/install/prius_controller/lib/python3.12/site-packages/prius_controller/setup.py to setup.cpython-312.pyc
[0.615s] byte-compiling /home/mayyad/ros2_ws/install/prius_controller/lib/python3.12/site-packages/prius_controller/controller.py to controller.cpython-312.pyc
[0.615s] byte-compiling /home/mayyad/ros2_ws/install/prius_controller/lib/python3.12/site-packages/prius_controller/waypoint_controller.py to waypoint_controller.cpython-312.pyc
[0.616s] byte-compiling /home/mayyad/ros2_ws/install/prius_controller/lib/python3.12/site-packages/prius_controller/__init__.py to __init__.cpython-312.pyc
[0.616s] running install_data
[0.616s] creating /home/mayyad/ros2_ws/install/prius_controller/share/ament_index
[0.616s] creating /home/mayyad/ros2_ws/install/prius_controller/share/ament_index/resource_index
[0.617s] creating /home/mayyad/ros2_ws/install/prius_controller/share/ament_index/resource_index/packages
[0.617s] copying resource/prius_controller -> /home/mayyad/ros2_ws/install/prius_controller/share/ament_index/resource_index/packages
[0.617s] copying package.xml -> /home/mayyad/ros2_ws/install/prius_controller/share/prius_controller
[0.617s] running install_egg_info
[0.625s] Copying ../../build/prius_controller/prius_controller.egg-info to /home/mayyad/ros2_ws/install/prius_controller/lib/python3.12/site-packages/prius_controller-0.0.0-py3.12.egg-info
[0.626s] running install_scripts
[0.680s] writing list of installed files to '/home/mayyad/ros2_ws/build/prius_controller/install.log'
[0.695s] Invoked command in '/home/mayyad/ros2_ws/src/prius_controller' returned '0': PYTHONPATH=/home/mayyad/ros2_ws/build/prius_controller/prefix_override:/usr/lib/python3/dist-packages/colcon_core/task/python/colcon_distutils_commands:/home/mayyad/ros2_ws/install/prius_controller/lib/python3.12/site-packages:${PYTHONPATH} /usr/bin/python3 -W ignore:setup.py install is deprecated -W ignore:easy_install command is deprecated setup.py egg_info --egg-base ../../build/prius_controller build --build-base /home/mayyad/ros2_ws/build/prius_controller/build install --record /home/mayyad/ros2_ws/build/prius_controller/install.log --single-version-externally-managed install_data
