[0.598s] Invoking command in '/home/mayyad/ros2_ws/src/prius_controller': PYTHONPATH=/home/mayyad/ros2_ws/build/prius_controller/prefix_override:/usr/lib/python3/dist-packages/colcon_core/task/python/colcon_distutils_commands:/home/mayyad/ros2_ws/install/prius_controller/lib/python3.12/site-packages:${PYTHONPATH} /usr/bin/python3 -W ignore:setup.py install is deprecated -W ignore:easy_install command is deprecated setup.py egg_info --egg-base ../../build/prius_controller build --build-base /home/mayyad/ros2_ws/build/prius_controller/build install --record /home/mayyad/ros2_ws/build/prius_controller/install.log --single-version-externally-managed install_data
[0.777s] running egg_info
[0.790s] writing ../../build/prius_controller/prius_controller.egg-info/PKG-INFO
[0.791s] writing dependency_links to ../../build/prius_controller/prius_controller.egg-info/dependency_links.txt
[0.791s] writing entry points to ../../build/prius_controller/prius_controller.egg-info/entry_points.txt
[0.791s] writing requirements to ../../build/prius_controller/prius_controller.egg-info/requires.txt
[0.791s] writing top-level names to ../../build/prius_controller/prius_controller.egg-info/top_level.txt
[0.819s] reading manifest file '../../build/prius_controller/prius_controller.egg-info/SOURCES.txt'
[0.819s] writing manifest file '../../build/prius_controller/prius_controller.egg-info/SOURCES.txt'
[0.820s] running build
[0.820s] running build_py
[0.820s] copying prius_controller/waypoint_controller.py -> /home/mayyad/ros2_ws/build/prius_controller/build/lib/prius_controller
[0.820s] running install
[0.823s] running install_lib
[0.838s] copying /home/mayyad/ros2_ws/build/prius_controller/build/lib/prius_controller/waypoint_controller.py -> /home/mayyad/ros2_ws/install/prius_controller/lib/python3.12/site-packages/prius_controller
[0.838s] byte-compiling /home/mayyad/ros2_ws/install/prius_controller/lib/python3.12/site-packages/prius_controller/waypoint_controller.py to waypoint_controller.cpython-312.pyc
[0.839s] running install_data
[0.839s] running install_egg_info
[0.852s] removing '/home/mayyad/ros2_ws/install/prius_controller/lib/python3.12/site-packages/prius_controller-0.0.0-py3.12.egg-info' (and everything under it)
[0.852s] Copying ../../build/prius_controller/prius_controller.egg-info to /home/mayyad/ros2_ws/install/prius_controller/lib/python3.12/site-packages/prius_controller-0.0.0-py3.12.egg-info
[0.853s] running install_scripts
[0.942s] Installing controller script to /home/mayyad/ros2_ws/install/prius_controller/lib/prius_controller
[0.943s] Installing waypoint_controller script to /home/mayyad/ros2_ws/install/prius_controller/lib/prius_controller
[0.943s] writing list of installed files to '/home/mayyad/ros2_ws/build/prius_controller/install.log'
[0.970s] Invoked command in '/home/mayyad/ros2_ws/src/prius_controller' returned '0': PYTHONPATH=/home/mayyad/ros2_ws/build/prius_controller/prefix_override:/usr/lib/python3/dist-packages/colcon_core/task/python/colcon_distutils_commands:/home/mayyad/ros2_ws/install/prius_controller/lib/python3.12/site-packages:${PYTHONPATH} /usr/bin/python3 -W ignore:setup.py install is deprecated -W ignore:easy_install command is deprecated setup.py egg_info --egg-base ../../build/prius_controller build --build-base /home/mayyad/ros2_ws/build/prius_controller/build install --record /home/mayyad/ros2_ws/build/prius_controller/install.log --single-version-externally-managed install_data
