[0.606s] Invoking command in '/home/mayyad/ros2_ws/src/prius_controller': PYTHONPATH=/home/mayyad/ros2_ws/build/prius_controller/prefix_override:/usr/lib/python3/dist-packages/colcon_core/task/python/colcon_distutils_commands:/home/mayyad/ros2_ws/install/prius_controller/lib/python3.12/site-packages:${PYTHONPATH} /usr/bin/python3 -W ignore:setup.py install is deprecated -W ignore:easy_install command is deprecated setup.py egg_info --egg-base ../../build/prius_controller build --build-base /home/mayyad/ros2_ws/build/prius_controller/build install --record /home/mayyad/ros2_ws/build/prius_controller/install.log --single-version-externally-managed install_data
[0.799s] running egg_info
[0.808s] writing ../../build/prius_controller/prius_controller.egg-info/PKG-INFO
[0.808s] writing dependency_links to ../../build/prius_controller/prius_controller.egg-info/dependency_links.txt
[0.808s] writing entry points to ../../build/prius_controller/prius_controller.egg-info/entry_points.txt
[0.809s] writing requirements to ../../build/prius_controller/prius_controller.egg-info/requires.txt
[0.809s] writing top-level names to ../../build/prius_controller/prius_controller.egg-info/top_level.txt
[0.839s] reading manifest file '../../build/prius_controller/prius_controller.egg-info/SOURCES.txt'
[0.839s] writing manifest file '../../build/prius_controller/prius_controller.egg-info/SOURCES.txt'
[0.840s] running build
[0.840s] running build_py
[0.840s] running install
[0.844s] running install_lib
[0.863s] running install_data
[0.863s] running install_egg_info
[0.877s] removing '/home/mayyad/ros2_ws/install/prius_controller/lib/python3.12/site-packages/prius_controller-0.0.0-py3.12.egg-info' (and everything under it)
[0.877s] Copying ../../build/prius_controller/prius_controller.egg-info to /home/mayyad/ros2_ws/install/prius_controller/lib/python3.12/site-packages/prius_controller-0.0.0-py3.12.egg-info
[0.879s] running install_scripts
[0.961s] Installing controller script to /home/mayyad/ros2_ws/install/prius_controller/lib/prius_controller
[0.961s] Installing waypoint_controller script to /home/mayyad/ros2_ws/install/prius_controller/lib/prius_controller
[0.961s] writing list of installed files to '/home/mayyad/ros2_ws/build/prius_controller/install.log'
[1.002s] Invoked command in '/home/mayyad/ros2_ws/src/prius_controller' returned '0': PYTHONPATH=/home/mayyad/ros2_ws/build/prius_controller/prefix_override:/usr/lib/python3/dist-packages/colcon_core/task/python/colcon_distutils_commands:/home/mayyad/ros2_ws/install/prius_controller/lib/python3.12/site-packages:${PYTHONPATH} /usr/bin/python3 -W ignore:setup.py install is deprecated -W ignore:easy_install command is deprecated setup.py egg_info --egg-base ../../build/prius_controller build --build-base /home/mayyad/ros2_ws/build/prius_controller/build install --record /home/mayyad/ros2_ws/build/prius_controller/install.log --single-version-externally-managed install_data
