[0.473s] Invoking command in '/home/mayyad/ros2_ws/src/prius_controller': PYTHONPATH=/home/mayyad/ros2_ws/build/prius_controller/prefix_override:/usr/lib/python3/dist-packages/colcon_core/task/python/colcon_distutils_commands:/home/mayyad/ros2_ws/install/prius_controller/lib/python3.12/site-packages:${PYTHONPATH} /usr/bin/python3 -W ignore:setup.py install is deprecated -W ignore:easy_install command is deprecated setup.py egg_info --egg-base ../../build/prius_controller build --build-base /home/mayyad/ros2_ws/build/prius_controller/build install --record /home/mayyad/ros2_ws/build/prius_controller/install.log --single-version-externally-managed install_data
[0.623s] running egg_info
[0.639s] writing ../../build/prius_controller/prius_controller.egg-info/PKG-INFO
[0.639s] writing dependency_links to ../../build/prius_controller/prius_controller.egg-info/dependency_links.txt
[0.639s] writing entry points to ../../build/prius_controller/prius_controller.egg-info/entry_points.txt
[0.639s] writing requirements to ../../build/prius_controller/prius_controller.egg-info/requires.txt
[0.640s] writing top-level names to ../../build/prius_controller/prius_controller.egg-info/top_level.txt
[0.666s] reading manifest file '../../build/prius_controller/prius_controller.egg-info/SOURCES.txt'
[0.666s] writing manifest file '../../build/prius_controller/prius_controller.egg-info/SOURCES.txt'
[0.667s] running build
[0.667s] running build_py
[0.667s] copying prius_controller/waypoint_controller.py -> /home/mayyad/ros2_ws/build/prius_controller/build/lib/prius_controller
[0.667s] running install
[0.670s] running install_lib
[0.681s] copying /home/mayyad/ros2_ws/build/prius_controller/build/lib/prius_controller/waypoint_controller.py -> /home/mayyad/ros2_ws/install/prius_controller/lib/python3.12/site-packages/prius_controller
[0.681s] byte-compiling /home/mayyad/ros2_ws/install/prius_controller/lib/python3.12/site-packages/prius_controller/waypoint_controller.py to waypoint_controller.cpython-312.pyc
[0.682s] running install_data
[0.682s] running install_egg_info
[0.693s] removing '/home/mayyad/ros2_ws/install/prius_controller/lib/python3.12/site-packages/prius_controller-0.0.0-py3.12.egg-info' (and everything under it)
[0.694s] Copying ../../build/prius_controller/prius_controller.egg-info to /home/mayyad/ros2_ws/install/prius_controller/lib/python3.12/site-packages/prius_controller-0.0.0-py3.12.egg-info
[0.695s] running install_scripts
[0.759s] Installing controller script to /home/mayyad/ros2_ws/install/prius_controller/lib/prius_controller
[0.759s] Installing waypoint_controller script to /home/mayyad/ros2_ws/install/prius_controller/lib/prius_controller
[0.759s] writing list of installed files to '/home/mayyad/ros2_ws/build/prius_controller/install.log'
[0.781s] Invoked command in '/home/mayyad/ros2_ws/src/prius_controller' returned '0': PYTHONPATH=/home/mayyad/ros2_ws/build/prius_controller/prefix_override:/usr/lib/python3/dist-packages/colcon_core/task/python/colcon_distutils_commands:/home/mayyad/ros2_ws/install/prius_controller/lib/python3.12/site-packages:${PYTHONPATH} /usr/bin/python3 -W ignore:setup.py install is deprecated -W ignore:easy_install command is deprecated setup.py egg_info --egg-base ../../build/prius_controller build --build-base /home/mayyad/ros2_ws/build/prius_controller/build install --record /home/mayyad/ros2_ws/build/prius_controller/install.log --single-version-externally-managed install_data
