[0.521s] Invoking command in '/home/mayyad/ros2_ws/src/prius_controller': PYTHONPATH=/home/mayyad/ros2_ws/build/prius_controller/prefix_override:/usr/lib/python3/dist-packages/colcon_core/task/python/colcon_distutils_commands:/home/mayyad/ros2_ws/install/prius_controller/lib/python3.12/site-packages:${PYTHONPATH} /usr/bin/python3 -W ignore:setup.py install is deprecated -W ignore:easy_install command is deprecated setup.py egg_info --egg-base ../../build/prius_controller build --build-base /home/mayyad/ros2_ws/build/prius_controller/build install --record /home/mayyad/ros2_ws/build/prius_controller/install.log --single-version-externally-managed install_data
[0.679s] running egg_info
[0.680s] creating ../../build/prius_controller/prius_controller.egg-info
[0.693s] writing ../../build/prius_controller/prius_controller.egg-info/PKG-INFO
[0.693s] writing dependency_links to ../../build/prius_controller/prius_controller.egg-info/dependency_links.txt
[0.693s] writing entry points to ../../build/prius_controller/prius_controller.egg-info/entry_points.txt
[0.693s] writing requirements to ../../build/prius_controller/prius_controller.egg-info/requires.txt
[0.694s] writing top-level names to ../../build/prius_controller/prius_controller.egg-info/top_level.txt
[0.694s] writing manifest file '../../build/prius_controller/prius_controller.egg-info/SOURCES.txt'
[0.719s] reading manifest file '../../build/prius_controller/prius_controller.egg-info/SOURCES.txt'
[0.720s] writing manifest file '../../build/prius_controller/prius_controller.egg-info/SOURCES.txt'
[0.720s] running build
[0.720s] running build_py
[0.720s] creating /home/mayyad/ros2_ws/build/prius_controller/build
[0.720s] creating /home/mayyad/ros2_ws/build/prius_controller/build/lib
[0.720s] creating /home/mayyad/ros2_ws/build/prius_controller/build/lib/prius_controller
[0.721s] copying prius_controller/setup.py -> /home/mayyad/ros2_ws/build/prius_controller/build/lib/prius_controller
[0.721s] copying prius_controller/controller.py -> /home/mayyad/ros2_ws/build/prius_controller/build/lib/prius_controller
[0.721s] copying prius_controller/waypoint_controller.py -> /home/mayyad/ros2_ws/build/prius_controller/build/lib/prius_controller
[0.722s] copying prius_controller/__init__.py -> /home/mayyad/ros2_ws/build/prius_controller/build/lib/prius_controller
[0.722s] running install
[0.727s] running install_lib
[0.739s] creating /home/mayyad/ros2_ws/install/prius_controller/lib/python3.12/site-packages/prius_controller
[0.739s] copying /home/mayyad/ros2_ws/build/prius_controller/build/lib/prius_controller/setup.py -> /home/mayyad/ros2_ws/install/prius_controller/lib/python3.12/site-packages/prius_controller
[0.739s] copying /home/mayyad/ros2_ws/build/prius_controller/build/lib/prius_controller/controller.py -> /home/mayyad/ros2_ws/install/prius_controller/lib/python3.12/site-packages/prius_controller
[0.740s] copying /home/mayyad/ros2_ws/build/prius_controller/build/lib/prius_controller/waypoint_controller.py -> /home/mayyad/ros2_ws/install/prius_controller/lib/python3.12/site-packages/prius_controller
[0.740s] copying /home/mayyad/ros2_ws/build/prius_controller/build/lib/prius_controller/__init__.py -> /home/mayyad/ros2_ws/install/prius_controller/lib/python3.12/site-packages/prius_controller
[0.740s] byte-compiling /home/mayyad/ros2_ws/install/prius_controller/lib/python3.12/site-packages/prius_controller/setup.py to setup.cpython-312.pyc
[0.741s] byte-compiling /home/mayyad/ros2_ws/install/prius_controller/lib/python3.12/site-packages/prius_controller/controller.py to controller.cpython-312.pyc
[0.742s] byte-compiling /home/mayyad/ros2_ws/install/prius_controller/lib/python3.12/site-packages/prius_controller/waypoint_controller.py to waypoint_controller.cpython-312.pyc
[0.742s] byte-compiling /home/mayyad/ros2_ws/install/prius_controller/lib/python3.12/site-packages/prius_controller/__init__.py to __init__.cpython-312.pyc
[0.742s] running install_data
[0.743s] creating /home/mayyad/ros2_ws/install/prius_controller/share/ament_index
[0.743s] creating /home/mayyad/ros2_ws/install/prius_controller/share/ament_index/resource_index
[0.743s] creating /home/mayyad/ros2_ws/install/prius_controller/share/ament_index/resource_index/packages
[0.743s] copying resource/prius_controller -> /home/mayyad/ros2_ws/install/prius_controller/share/ament_index/resource_index/packages
[0.743s] copying package.xml -> /home/mayyad/ros2_ws/install/prius_controller/share/prius_controller
[0.743s] running install_egg_info
[0.754s] Copying ../../build/prius_controller/prius_controller.egg-info to /home/mayyad/ros2_ws/install/prius_controller/lib/python3.12/site-packages/prius_controller-0.0.0-py3.12.egg-info
[0.754s] running install_scripts
[0.842s] Installing controller script to /home/mayyad/ros2_ws/install/prius_controller/lib/prius_controller
[0.843s] Installing waypoint_controller script to /home/mayyad/ros2_ws/install/prius_controller/lib/prius_controller
[0.843s] writing list of installed files to '/home/mayyad/ros2_ws/build/prius_controller/install.log'
[0.863s] Invoked command in '/home/mayyad/ros2_ws/src/prius_controller' returned '0': PYTHONPATH=/home/mayyad/ros2_ws/build/prius_controller/prefix_override:/usr/lib/python3/dist-packages/colcon_core/task/python/colcon_distutils_commands:/home/mayyad/ros2_ws/install/prius_controller/lib/python3.12/site-packages:${PYTHONPATH} /usr/bin/python3 -W ignore:setup.py install is deprecated -W ignore:easy_install command is deprecated setup.py egg_info --egg-base ../../build/prius_controller build --build-base /home/mayyad/ros2_ws/build/prius_controller/build install --record /home/mayyad/ros2_ws/build/prius_controller/install.log --single-version-externally-managed install_data
